// Jest Snapshot v1, https://goo.gl/fbAQLP

exports[`Pruebas en MultipleUseHooks debe mostarse correctamente 1`] = `
<div
  className="container"
>
  <h1>
    BreakingBad Quotes
  </h1>
  <hr />
  <div
    className="alert alert-info text-center"
  >
    Loading...
  </div>
  <button
    className="bnt btn-primary"
    onClick={[Function]}
  >
    Next Quote
  </button>
</div>
`;
