// Jest Snapshot v1, https://goo.gl/fbAQLP

exports[`pruebas en <TodoList />  debe mostrarse correctamente 1`] = `
<ul
  className="list-group list-group-flush"
>
  <TodoListItem
    hadleDelete={[MockFunction]}
    handleToggle={[MockFunction]}
    index={0}
    key="1"
    todo={
      Object {
        "description": "Aprender React",
        "done": false,
        "id": 1,
      }
    }
  />
  <TodoListItem
    hadleDelete={[MockFunction]}
    handleToggle={[MockFunction]}
    index={1}
    key="2"
    todo={
      Object {
        "description": "Aprender Bases de Datos",
        "done": false,
        "id": 2,
      }
    }
  />
</ul>
`;
