// Jest Snapshot v1, https://goo.gl/fbAQLP

exports[`Pruebas en <Navbar />  debe mostrarse correctamente 1`] = `
<nav
  className="navbar navbar-expand-sm navbar-dark bg-dark"
>
  <Link
    className="navbar-brand"
    to="/"
  >
    useContext
  </Link>
  <div
    className="collapse navbar-collapse"
    id="navbarNavAltMarkup"
  >
    <div
      className="navbar-nav"
    >
      <NavLink
        activeClassName="active"
        className="nav-item nav-link"
        exact={true}
        to="/"
      >
        Home
      </NavLink>
      <NavLink
        activeClassName="active"
        className="nav-item nav-link"
        exact={true}
        to="/about"
      >
        About
      </NavLink>
      <NavLink
        activeClassName="active"
        className="nav-item nav-link"
        exact={true}
        to="/login"
      >
        Login
      </NavLink>
    </div>
  </div>
</nav>
`;
